---
source: crates/ksx-backend/src/doctor.rs
expression: "render_human(&report, &advice)"
---
ksx doctor — driver health

ViGEmBus (virtual pad bus)
  [OK]   service running (start: demand)
  [OK]   C:\Windows\System32\drivers\test.sys — 1.21.442.0
  [OK]   signature valid — Nefarius Software Solutions e.U.

Virtual pads (what the bus is exposing right now)
  [OK]   none — the bus has no child pads

ScpVBus (unused by KSX; another app may still depend on it)
  [INFO] installed (running, 1.21.442.0) — harmless alongside ViGEmBus

Interception (keyboard/mouse class filters — M3 capture backend)
  [OK]   keyboard-class upper filter active
  [OK]   C:\Windows\System32\drivers\test.sys — 1.21.442.0
  [WARN] signature valid via timestamp — Francisco Lopes da Silva; signing cert expired 2012-10-21T15:38:52Z
  [OK]   mouse-class upper filter active
  [OK]   C:\Windows\System32\drivers\test.sys — 1.21.442.0
  [WARN] signature valid via timestamp — Francisco Lopes da Silva; signing cert expired 2012-10-21T15:38:52Z

HIDMaestro (M8 backend — not implemented in this build; see below)
  [INFO] dualsense/switchpro/xboxseries cannot be plugged by this build of ksx — no HIDMaestro transport is implemented, so installing the driver does not enable them
  [INFO]   use persona 'playstation' or 'xbox360' instead
  [INFO] not installed (nothing depends on it today)
  [INFO]   looked for HKLM\SYSTEM\CurrentControlSet\Services\HIDMaestro
  [INFO]   looked for C:\Windows\System32\drivers\UMDF\HIDMaestro.dll

Code integrity (2026 cross-signed-trust removal)
  [WARN] Microsoft Windows Cross Certificates for Code Integrity Exceptions Audit Policy ({784C4414-79F4-4C32-A6A5-F0FB42A51D0D}) — audit mode
  [INFO] 2 active CI policies
  [INFO] WHQL-only evaluation counters present (3 boot sessions, 12345s uptime) — enforcement not flipped yet

Advice
  [WARN] interception-borrowed-time: Interception is on borrowed time: its driver is cross-signed with a certificate that expired 2012-10-21, and the 'Microsoft Windows Cross Certificates for Code Integrity Exceptions Audit Policy' CI policy ({784C4414-79F4-4C32-A6A5-F0FB42A51D0D}, id 10.0.0.0) is active on this machine in Audit mode. When Windows flips it to enforcement the driver is blocked from loading. Do NOT take Windows feature updates on the cabinet; the M6 WinUSB backend removes this dependency.
  [INFO] scpvbus-present: ScpVBus (1.21.442.0) is installed but KSX does not use it. Remove it only after confirming that no other app on this PC depends on it.
  [INFO] personas-not-implemented: The dualsense/switchpro/xboxseries personas cannot be plugged by this build of ksx: it has no code that creates a device over HIDMaestro's shared section, only the protocol layers above it. Installing HIDMaestro does not enable them. Use playstation (HID/DirectInput — ✕○△□ prompts, read by MAME/RetroArch/Steam Input) or xbox360 instead.
  [INFO] hidmaestro-missing: HIDMaestro is not installed. Nothing depends on it today — ksx cannot drive it either way — and xbox360/playstation slots run on ViGEmBus.
