---
source: crates/ksx-backend/src/monitor.rs
expression: "String::from_utf8(out).unwrap()"
---
monitoring 2 keyboard(s) — passthrough only, no keys are blocked
  kb1 = HID\VID_D209&PID_0430&REV_0001&MI_00 "I-PAC Arcade Control Interface"  [Ultimarc I-PAC 4X]
  kb2 = HID\VID_F00D&PID_BEEF&REV_0002&MI_00 "n/a"
kb1 A down
kb2 Left down
kb1 A up
monitor summary: 3 event(s), 0 dropped
  kb1 HID\VID_D209&PID_0430&REV_0001&MI_00: 2
  kb2 HID\VID_F00D&PID_BEEF&REV_0002&MI_00: 1
